2025/08/12 14:38:05 Service handler called for tool: list_databases
2025/08/12 14:39:57 Service handler called for tool: schema_postgres
2025/08/12 14:44:00 Service handler called for tool: query_postgres
2025/08/12 14:45:35 Service handler called for tool: execute_postgres
2025/08/12 14:48:29 Service handler called for tool: execute_postgres
2025/08/12 14:48:41 Service handler called for tool: execute_postgres
2025/08/12 14:48:55 Service handler called for tool: execute_postgres
2025/08/12 14:49:02 Service handler called for tool: execute_postgres
2025/08/12 14:49:10 Service handler called for tool: execute_postgres
2025/08/12 14:49:22 Service handler called for tool: execute_postgres
2025/08/12 14:49:48 Service handler called for tool: execute_postgres
2025/08/12 14:49:56 Service handler called for tool: execute_postgres
2025/08/12 14:50:09 Service handler called for tool: execute_postgres
2025/08/12 14:50:19 Service handler called for tool: execute_postgres
2025/08/12 14:50:33 Service handler called for tool: execute_postgres
2025/08/12 14:50:47 Service handler called for tool: execute_postgres
2025/08/12 14:51:02 Service handler called for tool: execute_postgres
2025/08/12 14:51:20 Service handler called for tool: execute_postgres
2025/08/12 14:51:31 Service handler called for tool: execute_postgres
2025/08/12 14:51:44 Service handler called for tool: execute_postgres
2025/08/12 14:52:17 Service handler called for tool: execute_postgres
2025/08/12 14:52:34 Service handler called for tool: execute_postgres
2025/08/12 14:52:42 Service handler called for tool: execute_postgres
2025/08/12 14:52:53 Service handler called for tool: execute_postgres
2025/08/12 14:53:03 Service handler called for tool: execute_postgres
2025/08/12 14:53:23 Service handler called for tool: execute_postgres
2025/08/12 14:53:32 Service handler called for tool: execute_postgres
2025/08/12 14:53:45 Service handler called for tool: execute_postgres
2025/08/12 16:44:23 Service handler called for tool: execute_postgres
2025/08/12 16:44:37 Service handler called for tool: execute_postgres
2025/08/12 16:44:51 Service handler called for tool: execute_postgres
2025/08/12 16:45:12 Service handler called for tool: execute_postgres
2025/08/12 16:45:32 Service handler called for tool: execute_postgres
2025/08/12 16:45:49 Service handler called for tool: execute_postgres
2025/08/18 09:09:30 Service handler called for tool: query_postgres
2025/08/18 09:09:49 Service handler called for tool: query_postgres
2025/08/18 09:09:56 Service handler called for tool: execute_postgres
2025/08/18 09:10:02 Service handler called for tool: execute_postgres
2025/08/18 09:10:09 Service handler called for tool: execute_postgres
2025/08/18 09:10:15 Service handler called for tool: execute_postgres
2025/08/18 09:10:25 Service handler called for tool: execute_postgres
2025/08/18 09:10:42 Service handler called for tool: query_postgres
2025/08/18 09:12:39 Service handler called for tool: query_postgres
2025/08/18 09:12:46 Service handler called for tool: execute_postgres
2025/08/18 09:12:53 Service handler called for tool: execute_postgres
2025/08/18 09:13:01 Service handler called for tool: execute_postgres
2025/08/18 09:13:12 Service handler called for tool: execute_postgres
2025/08/18 09:13:19 Service handler called for tool: execute_postgres
2025/08/18 09:13:26 Service handler called for tool: execute_postgres
2025/08/18 09:13:34 Service handler called for tool: execute_postgres
2025/08/18 09:13:44 Service handler called for tool: execute_postgres
2025/08/18 09:13:53 Service handler called for tool: execute_postgres
2025/08/18 09:13:59 Service handler called for tool: query_postgres
2025/08/18 09:14:04 Service handler called for tool: query_postgres
2025/08/18 09:14:10 Service handler called for tool: query_postgres
2025/08/18 09:20:16 Service handler called for tool: query_postgres
2025/08/18 09:21:07 Service handler called for tool: execute_postgres
2025/08/18 09:21:18 Service handler called for tool: execute_postgres
2025/08/18 09:21:27 Service handler called for tool: execute_postgres
2025/08/18 09:21:32 Service handler called for tool: query_postgres
2025/08/18 09:21:40 Service handler called for tool: execute_postgres
2025/08/18 09:21:46 Service handler called for tool: execute_postgres
2025/08/18 09:21:55 Service handler called for tool: execute_postgres
2025/08/18 09:22:01 Service handler called for tool: execute_postgres
2025/08/18 09:22:08 Service handler called for tool: execute_postgres
2025/08/18 09:22:17 Service handler called for tool: execute_postgres
2025/08/18 09:22:25 Service handler called for tool: execute_postgres
2025/08/18 09:22:35 Service handler called for tool: execute_postgres
2025/08/18 09:22:44 Service handler called for tool: execute_postgres
2025/08/18 09:22:54 Service handler called for tool: execute_postgres
2025/08/18 09:23:03 Service handler called for tool: execute_postgres
2025/08/18 09:23:12 Service handler called for tool: execute_postgres
2025/08/18 09:23:21 Service handler called for tool: execute_postgres
2025/08/18 09:23:30 Service handler called for tool: query_postgres
2025/08/18 09:23:41 Service handler called for tool: query_postgres
2025/08/18 09:23:48 Service handler called for tool: execute_postgres
2025/08/18 09:23:55 Service handler called for tool: query_postgres
2025/08/18 09:24:07 Service handler called for tool: execute_postgres
2025/08/18 09:24:18 Service handler called for tool: execute_postgres
2025/08/18 09:24:23 Service handler called for tool: query_postgres
2025/08/18 09:25:18 Service handler called for tool: query_postgres
2025/08/19 20:50:50 Service handler called for tool: query_postgres
2025/08/19 20:51:01 Service handler called for tool: query_postgres
2025/08/19 20:51:10 Service handler called for tool: query_postgres
2025/08/19 20:51:26 Service handler called for tool: query_postgres
2025/08/19 20:51:38 Service handler called for tool: query_postgres
2025/08/19 20:51:54 Service handler called for tool: query_postgres
2025/08/19 20:52:10 Service handler called for tool: query_postgres
2025/08/19 20:52:19 Service handler called for tool: query_postgres
2025/08/19 20:52:30 Service handler called for tool: query_postgres
2025/08/19 20:52:43 Service handler called for tool: query_postgres
2025/08/19 20:52:54 Service handler called for tool: query_postgres
2025/08/19 20:53:13 Service handler called for tool: query_postgres
2025/08/19 20:58:02 Service handler called for tool: query_postgres
2025/08/19 20:58:10 Service handler called for tool: query_postgres
2025/08/19 20:58:17 Service handler called for tool: query_postgres
2025/08/19 21:01:19 Service handler called for tool: execute_postgres
2025/08/19 21:01:47 Service handler called for tool: execute_postgres
2025/08/19 21:01:59 Service handler called for tool: execute_postgres
2025/08/19 21:02:11 Service handler called for tool: query_postgres
2025/08/19 21:02:19 Service handler called for tool: query_postgres
2025/08/19 21:02:27 Service handler called for tool: query_postgres
2025/08/21 09:32:34 Service handler called for tool: schema_postgres
2025/08/21 09:32:40 Service handler called for tool: query_postgres
2025/08/21 09:35:06 Service handler called for tool: query_postgres
2025/08/21 09:35:18 Service handler called for tool: execute_postgres
2025/08/21 09:35:23 Service handler called for tool: execute_postgres
2025/08/21 09:35:28 Service handler called for tool: execute_postgres
2025/08/21 09:35:33 Service handler called for tool: execute_postgres
2025/08/21 09:35:37 Service handler called for tool: execute_postgres
2025/08/21 09:35:59 Service handler called for tool: execute_postgres
2025/08/21 09:36:04 Service handler called for tool: execute_postgres
2025/08/21 09:36:10 Service handler called for tool: execute_postgres
2025/08/21 09:36:15 Service handler called for tool: execute_postgres
2025/08/21 09:36:18 Service handler called for tool: execute_postgres
2025/08/21 09:36:22 Service handler called for tool: execute_postgres
2025/08/21 09:36:37 Service handler called for tool: execute_postgres
2025/08/21 09:36:41 Service handler called for tool: execute_postgres
2025/08/21 09:36:46 Service handler called for tool: execute_postgres
2025/08/21 09:36:51 Service handler called for tool: execute_postgres
2025/08/21 09:37:08 Service handler called for tool: execute_postgres
2025/08/21 09:37:13 Service handler called for tool: execute_postgres
2025/08/21 09:37:18 Service handler called for tool: execute_postgres
2025/08/21 09:37:23 Service handler called for tool: execute_postgres
2025/08/21 09:37:39 Service handler called for tool: execute_postgres
2025/08/21 09:37:43 Service handler called for tool: execute_postgres
2025/08/21 09:37:47 Service handler called for tool: execute_postgres
2025/08/21 09:37:55 Service handler called for tool: execute_postgres
2025/08/21 09:37:59 Service handler called for tool: execute_postgres
2025/08/21 09:38:05 Service handler called for tool: execute_postgres
2025/08/21 09:38:09 Service handler called for tool: execute_postgres
2025/08/21 09:38:12 Service handler called for tool: execute_postgres
2025/08/21 09:38:17 Service handler called for tool: execute_postgres
2025/08/21 09:38:20 Service handler called for tool: execute_postgres
2025/08/21 09:38:24 Service handler called for tool: execute_postgres
2025/08/21 09:38:30 Service handler called for tool: execute_postgres
2025/08/21 09:38:46 Service handler called for tool: execute_postgres
2025/08/21 09:38:51 Service handler called for tool: execute_postgres
2025/08/21 09:38:56 Service handler called for tool: execute_postgres
2025/08/21 09:39:08 Service handler called for tool: execute_postgres
2025/08/21 09:39:12 Service handler called for tool: execute_postgres
2025/08/21 09:39:16 Service handler called for tool: execute_postgres
2025/08/21 09:39:21 Service handler called for tool: execute_postgres
2025/08/21 09:39:39 Service handler called for tool: execute_postgres
2025/08/21 09:39:44 Service handler called for tool: execute_postgres
2025/08/21 09:39:50 Service handler called for tool: execute_postgres
2025/08/21 09:40:07 Service handler called for tool: execute_postgres
2025/08/21 09:40:18 Service handler called for tool: execute_postgres
2025/08/21 09:40:25 Service handler called for tool: execute_postgres
2025/08/21 09:40:51 Service handler called for tool: execute_postgres
2025/08/21 09:40:57 Service handler called for tool: execute_postgres
2025/08/21 09:41:08 Service handler called for tool: execute_postgres
2025/08/21 09:41:20 Service handler called for tool: execute_postgres
2025/08/21 09:41:36 Service handler called for tool: execute_postgres
2025/08/21 09:41:43 Service handler called for tool: execute_postgres
2025/08/21 09:41:49 Service handler called for tool: execute_postgres
2025/08/21 09:41:55 Service handler called for tool: execute_postgres
2025/08/21 09:42:11 Service handler called for tool: query_postgres
2025/08/21 09:42:22 Service handler called for tool: query_postgres
2025/08/21 09:42:26 Service handler called for tool: query_postgres
2025/08/21 09:42:30 Service handler called for tool: query_postgres
2025/08/21 09:42:35 Service handler called for tool: query_postgres
2025/08/21 11:00:20 Service handler called for tool: query_postgres
2025/08/21 11:00:36 Service handler called for tool: execute_postgres
2025/08/21 11:00:44 Service handler called for tool: query_postgres
2025/08/21 11:03:52 Service handler called for tool: execute_postgres
2025/08/21 11:03:57 Service handler called for tool: query_postgres
2025/08/21 11:30:42 Service handler called for tool: query_postgres
2025/08/21 12:41:36 Service handler called for tool: query_postgres
2025/08/21 14:18:40 Service handler called for tool: query_postgres
2025/08/21 14:19:30 Service handler called for tool: execute_postgres
2025/08/21 14:21:24 Service handler called for tool: query_postgres
2025/08/21 14:23:10 Service handler called for tool: execute_postgres
2025/08/21 14:23:15 Service handler called for tool: query_postgres
2025/08/21 14:23:27 Service handler called for tool: execute_postgres
2025/08/21 14:23:33 Service handler called for tool: execute_postgres
2025/08/21 14:23:38 Service handler called for tool: execute_postgres
2025/08/21 14:23:43 Service handler called for tool: query_postgres
2025/08/21 14:23:49 Service handler called for tool: execute_postgres
2025/08/21 14:23:53 Service handler called for tool: execute_postgres
2025/08/21 14:23:57 Service handler called for tool: query_postgres
2025/08/21 14:36:47 Service handler called for tool: query_postgres
2025/08/21 14:37:02 Service handler called for tool: execute_postgres
2025/08/21 14:37:09 Service handler called for tool: query_postgres
2025/08/21 14:37:14 Service handler called for tool: query_postgres
2025/08/21 14:38:00 Service handler called for tool: query_postgres
2025/08/21 15:40:03 Service handler called for tool: query_postgres
2025/08/21 15:40:08 Service handler called for tool: query_postgres
2025/08/21 15:40:12 Service handler called for tool: query_postgres
2025/08/22 09:08:39 Service handler called for tool: query_postgres
2025/08/22 09:08:45 Service handler called for tool: query_postgres
2025/08/22 09:08:50 Service handler called for tool: query_postgres
2025/08/22 09:08:58 Service handler called for tool: query_postgres
2025/08/22 10:16:57 Service handler called for tool: query_postgres
2025/08/22 10:17:10 Service handler called for tool: execute_postgres
2025/08/22 10:17:16 Service handler called for tool: query_postgres
2025/08/22 10:17:38 Service handler called for tool: execute_postgres
2025/08/22 10:17:45 Service handler called for tool: query_postgres
2025/08/22 10:35:02 Service handler called for tool: query_postgres
2025/08/22 10:59:19 Service handler called for tool: query_postgres
2025/08/22 10:59:34 Service handler called for tool: query_postgres
2025/08/22 10:59:45 Service handler called for tool: query_postgres
2025/08/22 11:02:00 Service handler called for tool: query_postgres
2025/08/22 11:02:24 Service handler called for tool: query_postgres
2025/08/22 11:13:10 Service handler called for tool: query_postgres
2025/08/22 18:13:09 Service handler called for tool: query_postgres
2025/08/25 10:17:12 Service handler called for tool: schema_postgres
2025/08/25 10:17:18 Service handler called for tool: query_postgres
2025/08/25 10:17:47 Service handler called for tool: execute_postgres
2025/08/25 10:17:52 Service handler called for tool: query_postgres
2025/08/25 10:17:59 Service handler called for tool: execute_postgres
2025/08/25 10:18:04 Service handler called for tool: query_postgres
2025/08/25 10:18:12 Service handler called for tool: execute_postgres
2025/08/25 10:18:21 Service handler called for tool: execute_postgres
2025/08/25 10:18:52 Service handler called for tool: execute_postgres
2025/08/25 10:18:58 Service handler called for tool: query_postgres
2025/08/25 10:19:06 Service handler called for tool: query_postgres
2025/08/25 10:19:12 Service handler called for tool: query_postgres
2025/08/25 10:19:19 Service handler called for tool: execute_postgres
2025/08/25 10:19:24 Service handler called for tool: query_postgres
2025/08/25 10:19:31 Service handler called for tool: execute_postgres
2025/08/25 10:19:37 Service handler called for tool: query_postgres
2025/08/25 10:22:04 Service handler called for tool: query_postgres
2025/08/25 10:22:09 Service handler called for tool: query_postgres
2025/08/25 10:49:26 Service handler called for tool: query_postgres
2025/08/25 10:49:34 Service handler called for tool: query_postgres
2025/08/25 10:49:41 Service handler called for tool: execute_postgres
2025/08/25 10:50:13 Service handler called for tool: execute_postgres
2025/08/25 10:53:11 Service handler called for tool: query_postgres
2025/08/25 14:29:00 Service handler called for tool: query_postgres
2025/08/25 14:29:25 Service handler called for tool: execute_postgres
2025/08/25 14:29:45 Service handler called for tool: execute_postgres
2025/08/25 14:35:09 Service handler called for tool: execute_postgres
2025/08/25 14:35:28 Service handler called for tool: execute_postgres
2025/08/25 14:35:48 Service handler called for tool: execute_postgres
2025/08/25 14:36:19 Service handler called for tool: execute_postgres
2025/08/25 14:36:40 Service handler called for tool: query_postgres
2025/08/25 14:43:14 Service handler called for tool: query_postgres
2025/08/25 14:43:31 Service handler called for tool: execute_postgres
2025/08/25 14:43:38 Service handler called for tool: execute_postgres
2025/08/25 14:43:45 Service handler called for tool: execute_postgres
2025/08/25 14:43:52 Service handler called for tool: execute_postgres
2025/08/25 14:43:59 Service handler called for tool: execute_postgres
2025/08/25 14:44:07 Service handler called for tool: query_postgres
2025/08/25 14:48:29 Service handler called for tool: query_postgres
2025/08/25 14:50:19 Service handler called for tool: query_postgres
2025/08/25 14:50:28 Service handler called for tool: query_postgres
2025/08/25 14:50:35 Service handler called for tool: execute_postgres
2025/08/25 14:50:45 Service handler called for tool: query_postgres
2025/08/25 16:05:57 Service handler called for tool: query_postgres
2025/08/25 16:06:07 Service handler called for tool: query_postgres
2025/08/25 16:06:37 Service handler called for tool: query_postgres
2025/08/25 16:06:44 Service handler called for tool: query_postgres
2025/08/25 16:10:53 Service handler called for tool: query_postgres
2025/08/25 16:10:58 Service handler called for tool: query_postgres
2025/08/25 16:11:04 Service handler called for tool: query_postgres
2025/08/25 16:11:11 Service handler called for tool: execute_postgres
2025/08/25 16:13:47 Service handler called for tool: query_postgres
2025/08/25 16:20:47 Service handler called for tool: query_postgres
2025/08/25 16:21:33 Service handler called for tool: execute_postgres
2025/08/25 16:21:38 Service handler called for tool: execute_postgres
2025/08/25 16:21:44 Service handler called for tool: execute_postgres
2025/08/25 16:21:51 Service handler called for tool: execute_postgres
2025/08/25 16:21:56 Service handler called for tool: execute_postgres
2025/08/25 16:22:01 Service handler called for tool: execute_postgres
2025/08/25 16:22:05 Service handler called for tool: execute_postgres
2025/08/25 16:50:35 Service handler called for tool: query_postgres
2025/08/25 16:50:42 Service handler called for tool: execute_postgres
2025/08/25 16:50:49 Service handler called for tool: execute_postgres
2025/08/27 21:41:16 Service handler called for tool: list_databases
2025/08/27 21:41:23 Service handler called for tool: query_postgres
2025/08/27 21:44:14 Service handler called for tool: query_postgres
2025/08/27 21:44:26 Service handler called for tool: query_postgres
2025/08/27 21:54:28 Service handler called for tool: query_postgres
2025/08/27 22:00:09 Service handler called for tool: query_postgres
2025/08/27 22:00:25 Service handler called for tool: query_postgres
2025/08/27 22:01:03 Service handler called for tool: query_postgres
2025/08/27 22:01:15 Service handler called for tool: schema_postgres
2025/08/27 22:01:32 Service handler called for tool: query_postgres
2025/08/27 22:01:53 Service handler called for tool: query_postgres
2025/08/27 22:03:02 Service handler called for tool: query_postgres
2025/08/27 22:03:50 Service handler called for tool: query_postgres
2025/08/27 22:04:26 Service handler called for tool: query_postgres
2025/08/27 22:05:31 Service handler called for tool: query_postgres
2025/08/27 22:06:04 Service handler called for tool: query_postgres
2025/08/27 22:06:12 Service handler called for tool: query_postgres
2025/08/27 22:06:57 Service handler called for tool: query_postgres
2025/08/27 22:07:42 Service handler called for tool: query_postgres
2025/08/27 22:07:56 Service handler called for tool: query_postgres
2025/08/28 03:40:01 Service handler called for tool: query_postgres
2025/08/28 03:40:09 Service handler called for tool: execute_postgres
2025/08/28 03:40:14 Service handler called for tool: execute_postgres
2025/08/28 03:40:20 Service handler called for tool: execute_postgres
2025/08/28 03:40:25 Service handler called for tool: execute_postgres
2025/08/28 03:40:30 Service handler called for tool: execute_postgres
2025/08/28 03:40:38 Service handler called for tool: execute_postgres
2025/08/28 03:40:43 Service handler called for tool: execute_postgres
2025/08/28 03:40:48 Service handler called for tool: execute_postgres
2025/08/28 03:40:54 Service handler called for tool: execute_postgres
2025/08/28 03:40:59 Service handler called for tool: execute_postgres
2025/08/28 03:41:04 Service handler called for tool: execute_postgres
2025/08/28 03:41:09 Service handler called for tool: execute_postgres
2025/08/28 03:41:15 Service handler called for tool: query_postgres
2025/08/28 03:41:22 Service handler called for tool: query_postgres
2025/08/28 04:21:20 Service handler called for tool: query_postgres
2025/08/28 04:21:33 Service handler called for tool: query_postgres
2025/08/28 04:21:41 Service handler called for tool: query_postgres
2025/08/28 04:21:49 Service handler called for tool: query_postgres
2025/08/28 23:01:36 Service handler called for tool: execute_postgres
2025/08/28 23:01:45 Service handler called for tool: execute_postgres
2025/08/28 23:01:54 Service handler called for tool: execute_postgres
2025/08/28 23:02:18 Service handler called for tool: execute_postgres
2025/08/28 23:02:24 Service handler called for tool: execute_postgres
2025/09/05 03:56:17 Service handler called for tool: execute_postgres
2025/09/05 03:56:22 Service handler called for tool: execute_postgres
2025/09/05 03:56:29 Service handler called for tool: execute_postgres
2025/09/05 03:56:39 Service handler called for tool: execute_postgres
2025/09/05 03:57:09 Service handler called for tool: execute_postgres
2025/09/05 03:57:21 Service handler called for tool: query_postgres
2025/09/05 04:03:27 Service handler called for tool: execute_postgres
2025/09/05 04:03:36 Service handler called for tool: execute_postgres
2025/09/05 04:03:42 Service handler called for tool: execute_postgres
2025/09/05 04:03:50 Service handler called for tool: execute_postgres
2025/09/05 04:03:56 Service handler called for tool: execute_postgres
2025/09/05 04:04:04 Service handler called for tool: execute_postgres
2025/09/05 04:04:26 Service handler called for tool: execute_postgres
2025/09/05 04:04:33 Service handler called for tool: execute_postgres
2025/09/05 04:04:53 Service handler called for tool: execute_postgres
2025/09/05 04:05:01 Service handler called for tool: execute_postgres
2025/09/05 04:05:17 Service handler called for tool: execute_postgres
2025/09/05 04:05:24 Service handler called for tool: execute_postgres
2025/09/05 04:05:34 Service handler called for tool: execute_postgres
2025/09/05 04:05:41 Service handler called for tool: execute_postgres
2025/09/05 04:05:59 Service handler called for tool: execute_postgres
2025/09/05 04:06:10 Service handler called for tool: execute_postgres
2025/09/05 04:06:19 Service handler called for tool: execute_postgres
2025/09/05 04:06:29 Service handler called for tool: execute_postgres
2025/09/05 04:06:44 Service handler called for tool: execute_postgres
2025/09/05 04:06:51 Service handler called for tool: execute_postgres
2025/09/05 04:07:06 Service handler called for tool: query_postgres
2025/09/09 15:09:37 Service handler called for tool: schema_postgres
2025/09/09 15:09:49 Service handler called for tool: query_postgres
2025/09/09 15:09:55 Service handler called for tool: query_postgres
2025/09/09 15:10:01 Service handler called for tool: query_postgres
2025/09/09 15:10:08 Service handler called for tool: query_postgres
2025/09/09 15:10:15 Service handler called for tool: query_postgres
2025/09/09 15:10:22 Service handler called for tool: query_postgres
2025/09/09 15:10:30 Service handler called for tool: query_postgres
2025/09/09 15:10:37 Service handler called for tool: query_postgres
2025/09/09 15:10:43 Service handler called for tool: query_postgres
2025/09/09 15:10:50 Service handler called for tool: query_postgres
2025/09/09 15:10:58 Service handler called for tool: query_postgres
2025/09/09 15:11:07 Service handler called for tool: query_postgres
2025/09/09 15:11:15 Service handler called for tool: query_postgres
2025/09/09 15:11:22 Service handler called for tool: query_postgres
2025/09/09 15:11:29 Service handler called for tool: query_postgres
2025/09/09 15:11:37 Service handler called for tool: query_postgres
2025/09/09 15:11:42 Service handler called for tool: query_postgres
2025/09/09 15:11:49 Service handler called for tool: query_postgres
2025/09/09 15:11:56 Service handler called for tool: query_postgres
2025/09/09 15:12:01 Service handler called for tool: query_postgres
2025/09/09 15:12:10 Service handler called for tool: query_postgres
2025/09/09 15:12:17 Service handler called for tool: query_postgres
2025/09/09 15:12:23 Service handler called for tool: query_postgres
2025/09/09 15:12:29 Service handler called for tool: query_postgres
2025/09/09 16:25:21 Service handler called for tool: query_postgres
2025/09/09 16:25:27 Service handler called for tool: query_postgres
2025/09/09 16:25:33 Service handler called for tool: query_postgres
2025/09/09 16:25:38 Service handler called for tool: query_postgres
2025/09/09 16:25:43 Service handler called for tool: query_postgres
2025/09/09 16:25:47 Service handler called for tool: query_postgres
2025/09/09 17:56:12 Service handler called for tool: query_postgres
2025/09/09 17:56:17 Service handler called for tool: query_postgres
2025/09/09 17:56:22 Service handler called for tool: query_postgres
2025/09/09 17:56:26 Service handler called for tool: query_postgres
2025/09/09 17:56:30 Service handler called for tool: query_postgres
2025/09/10 10:37:59 Service handler called for tool: query_postgres
2025/09/10 10:38:04 Service handler called for tool: execute_postgres
2025/09/10 10:38:09 Service handler called for tool: execute_postgres
2025/09/10 10:38:15 Service handler called for tool: query_postgres
2025/09/10 10:39:08 Service handler called for tool: query_postgres
2025/09/10 10:39:13 Service handler called for tool: query_postgres
2025/09/10 10:42:31 Service handler called for tool: query_postgres
2025/09/10 10:42:38 Service handler called for tool: query_postgres
2025/09/10 10:44:21 Service handler called for tool: query_postgres
2025/09/10 10:44:57 Service handler called for tool: execute_postgres
2025/09/10 10:45:08 Service handler called for tool: execute_postgres
2025/09/10 10:45:13 Service handler called for tool: execute_postgres
2025/09/10 10:45:19 Service handler called for tool: execute_postgres
2025/09/10 10:45:24 Service handler called for tool: execute_postgres
2025/09/10 10:45:29 Service handler called for tool: execute_postgres
2025/09/10 10:45:35 Service handler called for tool: execute_postgres
2025/09/10 10:45:39 Service handler called for tool: execute_postgres
2025/09/10 10:45:43 Service handler called for tool: execute_postgres
2025/09/10 10:45:49 Service handler called for tool: execute_postgres
2025/09/10 10:45:55 Service handler called for tool: execute_postgres
2025/09/10 10:46:09 Service handler called for tool: query_postgres
2025/09/10 10:46:15 Service handler called for tool: query_postgres
2025/09/10 12:04:22 Service handler called for tool: query_postgres
2025/09/10 14:11:58 Service handler called for tool: query_postgres
2025/09/10 14:53:58 Service handler called for tool: schema_postgres
2025/09/10 14:54:17 Service handler called for tool: execute_postgres
2025/09/10 14:54:30 Service handler called for tool: execute_postgres
2025/09/10 14:54:44 Service handler called for tool: execute_postgres
2025/09/10 14:55:17 Service handler called for tool: execute_postgres
2025/09/10 14:55:28 Service handler called for tool: execute_postgres
2025/09/10 14:55:39 Service handler called for tool: execute_postgres
2025/09/10 14:55:52 Service handler called for tool: execute_postgres
2025/09/10 14:56:16 Service handler called for tool: execute_postgres
2025/09/10 14:56:42 Service handler called for tool: execute_postgres
2025/09/10 14:56:57 Service handler called for tool: execute_postgres
2025/09/10 14:57:22 Service handler called for tool: execute_postgres
2025/09/10 15:32:43 Service handler called for tool: query_postgres
2025/09/10 15:32:51 Service handler called for tool: query_postgres
2025/09/10 15:33:01 Service handler called for tool: execute_postgres
2025/09/10 15:33:16 Service handler called for tool: query_postgres
2025/09/10 15:33:23 Service handler called for tool: query_postgres
2025/09/10 15:33:39 Service handler called for tool: query_postgres
2025/09/10 15:33:47 Service handler called for tool: query_postgres
2025/09/10 15:34:38 Service handler called for tool: query_postgres
2025/09/10 15:34:45 Service handler called for tool: query_postgres
2025/09/10 15:34:53 Service handler called for tool: query_postgres
2025/09/10 15:35:00 Service handler called for tool: query_postgres
2025/09/10 15:35:07 Service handler called for tool: query_postgres
2025/09/10 15:35:14 Service handler called for tool: query_postgres
2025/09/10 15:35:23 Service handler called for tool: query_postgres
2025/09/10 15:35:31 Service handler called for tool: query_postgres
2025/09/10 15:41:24 Service handler called for tool: query_postgres
2025/09/10 15:41:31 Service handler called for tool: query_postgres
2025/09/10 15:41:46 Service handler called for tool: query_postgres
2025/09/10 15:41:54 Service handler called for tool: query_postgres
2025/09/10 15:42:18 Service handler called for tool: execute_postgres
2025/09/10 15:44:10 Service handler called for tool: query_postgres
2025/09/10 15:44:17 Service handler called for tool: query_postgres
2025/09/10 15:44:25 Service handler called for tool: query_postgres
2025/09/10 15:44:41 Service handler called for tool: query_postgres
2025/09/10 15:44:47 Service handler called for tool: query_postgres
2025/09/10 15:44:55 Service handler called for tool: query_postgres
2025/09/10 15:45:06 Service handler called for tool: query_postgres
2025/09/10 15:45:12 Service handler called for tool: query_postgres
2025/09/10 15:45:19 Service handler called for tool: execute_postgres
2025/09/10 15:45:27 Service handler called for tool: execute_postgres
2025/09/10 15:45:40 Service handler called for tool: query_postgres
2025/09/10 15:45:45 Service handler called for tool: query_postgres
2025/09/10 21:51:21 Service handler called for tool: query_postgres
2025/09/11 13:22:49 Service handler called for tool: query_postgres
2025/09/11 13:22:57 Service handler called for tool: query_postgres
2025/09/11 13:23:06 Service handler called for tool: query_postgres
2025/09/11 18:01:44 Service handler called for tool: query_postgres
2025/09/11 18:01:49 Service handler called for tool: query_postgres
2025/09/11 18:01:55 Service handler called for tool: query_postgres
2025/09/11 18:02:00 Service handler called for tool: query_postgres
2025/09/11 18:02:08 Service handler called for tool: query_postgres
2025/09/11 18:02:12 Service handler called for tool: query_postgres
2025/09/11 18:02:18 Service handler called for tool: query_postgres
2025/09/11 18:02:25 Service handler called for tool: query_postgres
2025/09/12 09:49:43 Service handler called for tool: query_postgres
2025/09/12 09:49:49 Service handler called for tool: query_postgres
2025/09/12 09:49:55 Service handler called for tool: query_postgres
2025/09/12 09:50:00 Service handler called for tool: query_postgres
2025/09/12 09:50:07 Service handler called for tool: query_postgres
2025/09/12 09:50:12 Service handler called for tool: query_postgres
2025/09/12 09:50:18 Service handler called for tool: query_postgres
2025/09/12 11:22:12 Service handler called for tool: schema_postgres
2025/09/12 11:22:20 Service handler called for tool: query_postgres
2025/09/12 11:22:25 Service handler called for tool: query_postgres
2025/09/12 11:22:33 Service handler called for tool: query_postgres
2025/09/12 11:22:41 Service handler called for tool: query_postgres
2025/09/12 11:22:48 Service handler called for tool: query_postgres
2025/09/12 11:22:55 Service handler called for tool: query_postgres
2025/09/12 11:23:02 Service handler called for tool: query_postgres
2025/09/12 11:47:16 Service handler called for tool: schema_postgres
2025/09/12 11:47:23 Service handler called for tool: query_postgres
2025/09/12 11:47:30 Service handler called for tool: query_postgres
2025/09/12 11:48:04 Service handler called for tool: execute_postgres
2025/09/12 11:48:10 Service handler called for tool: query_postgres
2025/09/12 11:55:59 Service handler called for tool: query_postgres
2025/09/12 11:56:05 Service handler called for tool: query_postgres
2025/09/12 11:56:10 Service handler called for tool: query_postgres
2025/09/12 11:56:15 Service handler called for tool: query_postgres
2025/09/12 11:56:22 Service handler called for tool: query_postgres
2025/09/12 11:56:26 Service handler called for tool: query_postgres
2025/09/12 11:56:46 Service handler called for tool: query_postgres
2025/09/12 11:56:51 Service handler called for tool: query_postgres
2025/09/12 11:56:57 Service handler called for tool: query_postgres
2025/09/12 11:57:03 Service handler called for tool: query_postgres
2025/09/12 11:57:09 Service handler called for tool: query_postgres
2025/09/12 11:57:23 Service handler called for tool: query_postgres
2025/09/12 11:57:29 Service handler called for tool: query_postgres
2025/09/12 11:57:34 Service handler called for tool: query_postgres
2025/09/12 15:27:28 Service handler called for tool: query_postgres
2025/09/12 15:27:36 Service handler called for tool: query_postgres
2025/09/12 15:27:43 Service handler called for tool: query_postgres
2025/09/12 15:27:49 Service handler called for tool: execute_postgres
2025/09/12 15:27:55 Service handler called for tool: execute_postgres
2025/09/12 15:28:01 Service handler called for tool: query_postgres
2025/09/12 15:28:08 Service handler called for tool: query_postgres
2025/09/12 15:28:18 Service handler called for tool: query_postgres
2025/09/12 15:28:24 Service handler called for tool: execute_postgres
2025/09/12 15:28:31 Service handler called for tool: query_postgres
2025/09/15 12:39:15 Service handler called for tool: query_postgres
2025/09/15 12:39:19 Service handler called for tool: query_postgres
2025/09/15 12:39:24 Service handler called for tool: query_postgres
2025/09/15 12:39:29 Service handler called for tool: query_postgres
2025/09/15 12:39:33 Service handler called for tool: query_postgres
2025/09/15 12:40:35 Service handler called for tool: execute_postgres
2025/09/15 12:40:41 Service handler called for tool: execute_postgres
2025/09/15 12:40:48 Service handler called for tool: execute_postgres
2025/09/15 12:40:53 Service handler called for tool: execute_postgres
2025/09/15 12:41:01 Service handler called for tool: execute_postgres
2025/09/15 12:41:09 Service handler called for tool: execute_postgres
2025/09/15 12:41:17 Service handler called for tool: execute_postgres
2025/09/15 12:41:22 Service handler called for tool: execute_postgres
2025/09/15 12:41:28 Service handler called for tool: execute_postgres
2025/09/15 12:41:35 Service handler called for tool: execute_postgres
2025/09/15 12:43:12 Service handler called for tool: query_postgres
2025/09/15 12:43:48 Service handler called for tool: query_postgres
2025/09/15 12:44:21 Service handler called for tool: query_postgres
2025/09/15 12:45:11 Service handler called for tool: query_postgres
2025/09/15 13:07:00 Service handler called for tool: query_postgres
2025/09/15 13:07:07 Service handler called for tool: query_postgres
2025/09/15 13:07:14 Service handler called for tool: query_postgres
2025/09/15 13:07:18 Service handler called for tool: query_postgres
2025/09/15 13:07:26 Service handler called for tool: query_postgres
2025/09/15 13:07:48 Service handler called for tool: query_postgres
2025/09/15 13:07:57 Service handler called for tool: query_postgres
2025/09/15 13:08:03 Service handler called for tool: query_postgres
2025/09/15 13:11:50 Service handler called for tool: query_postgres
2025/09/15 13:11:55 Service handler called for tool: query_postgres
2025/09/15 13:26:57 Service handler called for tool: execute_postgres
2025/09/15 13:27:06 Service handler called for tool: execute_postgres
2025/09/15 13:27:14 Service handler called for tool: execute_postgres
2025/09/15 13:27:20 Service handler called for tool: execute_postgres
2025/09/15 13:27:26 Service handler called for tool: execute_postgres
2025/09/15 13:27:31 Service handler called for tool: execute_postgres
2025/09/15 13:27:39 Service handler called for tool: execute_postgres
2025/09/15 13:27:45 Service handler called for tool: execute_postgres
2025/09/15 13:27:54 Service handler called for tool: execute_postgres
2025/09/15 13:28:02 Service handler called for tool: execute_postgres
2025/09/15 13:28:08 Service handler called for tool: execute_postgres
2025/09/15 13:28:16 Service handler called for tool: execute_postgres
2025/09/15 13:28:23 Service handler called for tool: execute_postgres
2025/09/15 13:28:29 Service handler called for tool: execute_postgres
2025/09/15 13:28:35 Service handler called for tool: execute_postgres
2025/09/15 13:28:54 Service handler called for tool: execute_postgres
2025/09/15 13:29:10 Service handler called for tool: execute_postgres
2025/09/15 13:29:19 Service handler called for tool: execute_postgres
2025/09/15 13:29:27 Service handler called for tool: execute_postgres
2025/09/15 13:29:34 Service handler called for tool: execute_postgres
2025/09/15 13:29:41 Service handler called for tool: execute_postgres
2025/09/15 13:29:51 Service handler called for tool: query_postgres
2025/09/15 13:30:01 Service handler called for tool: query_postgres
2025/09/15 13:30:08 Service handler called for tool: query_postgres
2025/09/15 13:30:14 Service handler called for tool: query_postgres
2025/09/15 13:30:20 Service handler called for tool: query_postgres
2025/09/15 16:58:56 Service handler called for tool: query_postgres
2025/09/15 16:59:19 Service handler called for tool: execute_postgres
2025/09/15 16:59:35 Service handler called for tool: execute_postgres
2025/09/15 16:59:47 Service handler called for tool: execute_postgres
2025/09/15 16:59:53 Service handler called for tool: query_postgres
2025/09/15 17:00:01 Service handler called for tool: query_postgres
2025/09/15 17:06:03 Service handler called for tool: query_postgres
2025/09/15 17:31:59 Service handler called for tool: execute_postgres
2025/09/15 17:32:04 Service handler called for tool: execute_postgres
2025/09/15 17:34:35 Service handler called for tool: execute_postgres
2025/09/15 17:34:41 Service handler called for tool: query_postgres
2025/09/15 17:34:47 Service handler called for tool: query_postgres
2025/09/15 17:34:53 Service handler called for tool: execute_postgres
2025/09/15 17:35:01 Service handler called for tool: execute_postgres
2025/09/15 17:35:07 Service handler called for tool: execute_postgres
2025/09/15 17:35:19 Service handler called for tool: execute_postgres
2025/09/15 17:35:26 Service handler called for tool: execute_postgres
2025/09/15 17:35:36 Service handler called for tool: execute_postgres
2025/09/15 17:35:47 Service handler called for tool: execute_postgres
2025/09/15 17:36:11 Service handler called for tool: execute_postgres
2025/09/15 17:41:57 Service handler called for tool: query_postgres
2025/09/15 17:42:03 Service handler called for tool: query_postgres
2025/09/15 17:42:09 Service handler called for tool: query_postgres
2025/09/15 17:42:58 Service handler called for tool: execute_postgres
2025/09/15 17:43:13 Service handler called for tool: execute_postgres
2025/09/15 18:21:20 Service handler called for tool: query_postgres
2025/09/15 18:21:26 Service handler called for tool: query_postgres
2025/09/15 18:21:34 Service handler called for tool: execute_postgres
2025/09/15 18:21:41 Service handler called for tool: query_postgres
2025/09/15 18:24:30 Service handler called for tool: query_postgres
2025/09/15 18:24:36 Service handler called for tool: query_postgres
2025/09/15 18:24:41 Service handler called for tool: query_postgres
2025/09/15 18:27:20 Service handler called for tool: query_postgres
2025/09/15 21:36:02 Service handler called for tool: query_postgres
2025/09/15 21:59:32 Service handler called for tool: query_postgres
2025/09/15 21:59:44 Service handler called for tool: query_postgres
2025/09/15 21:59:54 Service handler called for tool: query_postgres
2025/09/15 22:20:58 Service handler called for tool: query_postgres
2025/09/15 22:21:08 Service handler called for tool: query_postgres
2025/09/15 22:22:31 Service handler called for tool: query_postgres
2025/09/15 22:22:43 Service handler called for tool: query_postgres
2025/09/16 15:39:48 Service handler called for tool: query_postgres
2025/09/16 15:40:16 Service handler called for tool: execute_postgres
2025/09/16 15:40:26 Service handler called for tool: execute_postgres
2025/09/16 15:40:32 Service handler called for tool: execute_postgres
2025/09/16 15:40:39 Service handler called for tool: execute_postgres
2025/09/16 15:40:52 Service handler called for tool: query_postgres
2025/09/16 15:41:41 Service handler called for tool: query_postgres
2025/09/16 15:41:48 Service handler called for tool: execute_postgres
2025/09/16 15:42:03 Service handler called for tool: query_postgres
2025/09/16 16:40:54 Service handler called for tool: query_postgres
2025/09/16 16:41:01 Service handler called for tool: query_postgres
2025/09/16 16:47:40 Service handler called for tool: query_postgres
2025/09/16 22:53:53 Service handler called for tool: execute_postgres
2025/09/16 22:53:59 Service handler called for tool: execute_postgres
2025/09/16 22:54:05 Service handler called for tool: execute_postgres
2025/09/16 22:54:12 Service handler called for tool: query_postgres
2025/09/16 22:58:03 Service handler called for tool: query_postgres
2025/09/16 22:58:12 Service handler called for tool: execute_postgres
2025/09/16 22:58:18 Service handler called for tool: query_postgres
2025/09/16 23:30:58 Service handler called for tool: query_postgres
2025/09/16 23:31:04 Service handler called for tool: query_postgres
2025/09/17 00:07:45 Service handler called for tool: query_postgres
2025/09/17 00:07:52 Service handler called for tool: query_postgres
2025/09/17 00:18:00 Service handler called for tool: query_postgres
2025/09/17 00:18:07 Service handler called for tool: query_postgres
2025/09/17 00:18:21 Service handler called for tool: query_postgres
2025/09/17 00:18:27 Service handler called for tool: query_postgres
2025/09/17 00:18:34 Service handler called for tool: query_postgres
2025/09/17 00:18:41 Service handler called for tool: query_postgres
2025/09/17 00:22:54 Service handler called for tool: query_postgres
2025/09/17 10:24:28 Service handler called for tool: list_databases
2025/09/17 10:24:39 Service handler called for tool: schema_postgres
2025/09/17 10:24:47 Service handler called for tool: query_postgres
2025/09/17 10:27:06 Service handler called for tool: query_postgres
2025/09/17 10:27:13 Service handler called for tool: query_postgres
2025/09/17 10:27:20 Service handler called for tool: query_postgres
2025/09/17 10:27:30 Service handler called for tool: execute_postgres
2025/09/17 10:27:35 Service handler called for tool: query_postgres
2025/09/17 10:27:39 Service handler called for tool: query_postgres
2025/09/17 14:18:17 Service handler called for tool: schema_postgres
2025/09/17 14:18:26 Service handler called for tool: query_postgres
2025/09/17 14:18:32 Service handler called for tool: query_postgres
2025/09/17 14:18:38 Service handler called for tool: query_postgres
2025/09/17 14:18:43 Service handler called for tool: query_postgres
2025/09/17 14:18:50 Service handler called for tool: query_postgres
2025/09/17 14:28:05 Service handler called for tool: query_postgres
2025/09/17 14:32:16 Service handler called for tool: query_postgres
2025/09/17 18:12:19 Service handler called for tool: query_postgres
2025/09/17 18:12:53 Service handler called for tool: execute_postgres
2025/09/17 18:12:57 Service handler called for tool: query_postgres
2025/09/17 18:13:03 Service handler called for tool: query_postgres
2025/09/17 18:13:10 Service handler called for tool: query_postgres
2025/09/18 09:15:18 Service handler called for tool: query_postgres
2025/09/18 09:15:23 Service handler called for tool: query_postgres
2025/09/18 09:15:32 Service handler called for tool: execute_postgres
2025/09/18 09:15:37 Service handler called for tool: query_postgres
2025/09/18 09:15:42 Service handler called for tool: execute_postgres
2025/09/18 09:15:54 Service handler called for tool: execute_postgres
2025/09/18 09:15:59 Service handler called for tool: query_postgres
2025/09/18 14:34:13 Service handler called for tool: query_postgres
2025/09/18 15:51:13 Service handler called for tool: query_postgres
2025/09/18 15:52:12 Service handler called for tool: query_postgres
2025/09/18 15:53:55 Service handler called for tool: query_postgres
2025/09/18 15:54:03 Service handler called for tool: query_postgres
2025/09/18 16:57:47 Service handler called for tool: execute_postgres
2025/09/18 17:37:48 Service handler called for tool: query_postgres
2025/09/18 17:37:54 Service handler called for tool: query_postgres
2025/09/18 17:37:59 Service handler called for tool: schema_postgres
2025/09/18 17:38:03 Service handler called for tool: query_postgres
2025/09/18 17:38:08 Service handler called for tool: query_postgres
2025/09/18 17:38:14 Service handler called for tool: query_postgres
2025/09/18 17:38:19 Service handler called for tool: query_postgres
2025/09/18 17:38:24 Service handler called for tool: query_postgres
2025/09/18 17:38:32 Service handler called for tool: execute_postgres
2025/09/18 17:38:37 Service handler called for tool: query_postgres
2025/09/18 17:40:34 Service handler called for tool: query_postgres
2025/09/18 17:40:40 Service handler called for tool: execute_postgres
2025/09/18 17:40:46 Service handler called for tool: execute_postgres
2025/09/18 17:40:51 Service handler called for tool: execute_postgres
2025/09/18 17:40:56 Service handler called for tool: execute_postgres
2025/09/18 17:46:10 Service handler called for tool: query_postgres
2025/09/18 17:46:15 Service handler called for tool: query_postgres
2025/09/18 18:24:38 Service handler called for tool: query_postgres
2025/09/20 17:46:52 Service handler called for tool: query_postgres
2025/09/20 17:46:57 Service handler called for tool: query_postgres
2025/09/20 22:21:35 Service handler called for tool: execute_postgres
2025/09/21 18:55:26 Service handler called for tool: query_postgres
2025/09/21 18:55:35 Service handler called for tool: execute_postgres
2025/09/21 18:55:41 Service handler called for tool: query_postgres
2025/09/21 20:29:42 Service handler called for tool: query_postgres
2025/09/21 20:29:54 Service handler called for tool: query_postgres
2025/09/21 20:30:03 Service handler called for tool: execute_postgres
2025/09/21 20:30:17 Service handler called for tool: query_postgres
2025/09/21 20:35:35 Service handler called for tool: execute_postgres
2025/09/22 01:16:54 Service handler called for tool: query_postgres
2025/09/22 02:12:05 Service handler called for tool: query_postgres
2025/09/22 10:44:53 Service handler called for tool: schema_postgres
2025/09/22 10:45:00 Service handler called for tool: schema_postgres
2025/09/22 10:45:12 Service handler called for tool: execute_postgres
2025/09/22 10:45:17 Service handler called for tool: query_postgres
2025/09/22 10:45:19 Service handler called for tool: query_postgres
2025/09/22 10:45:32 Service handler called for tool: schema_postgres
2025/09/22 10:45:39 Service handler called for tool: query_postgres
2025/09/22 10:45:56 Service handler called for tool: query_postgres
2025/09/22 10:46:20 Service handler called for tool: query_postgres
2025/09/22 10:46:54 Service handler called for tool: query_postgres
2025/09/22 10:47:25 Service handler called for tool: query_postgres
2025/09/22 10:48:03 Service handler called for tool: query_postgres
2025/09/22 10:48:22 Service handler called for tool: query_postgres
2025/09/22 10:53:23 Service handler called for tool: schema_postgres
2025/09/22 10:54:30 Service handler called for tool: query_postgres
2025/09/22 10:54:53 Service handler called for tool: query_postgres
2025/09/22 10:55:03 Service handler called for tool: query_postgres
2025/09/22 10:55:16 Service handler called for tool: query_postgres
2025/09/22 10:58:05 Service handler called for tool: query_postgres
2025/09/22 10:59:00 Service handler called for tool: query_postgres
2025/09/22 11:02:38 Service handler called for tool: query_postgres
2025/09/22 11:03:32 Service handler called for tool: execute_postgres
2025/09/22 11:03:48 Service handler called for tool: query_postgres
2025/09/22 13:48:50 Service handler called for tool: execute_postgres
2025/09/23 13:11:41 Service handler called for tool: execute_postgres
2025/09/23 13:11:47 Service handler called for tool: list_databases
2025/09/23 13:11:54 Service handler called for tool: execute_postgres
2025/09/23 13:11:59 Service handler called for tool: transaction_postgres
2025/09/23 13:12:03 Service handler called for tool: transaction_postgres
2025/09/23 13:12:06 Service handler called for tool: transaction_postgres
2025/09/23 13:12:12 Service handler called for tool: transaction_postgres
2025/09/23 13:12:16 Service handler called for tool: transaction_postgres
2025/09/23 13:12:19 Service handler called for tool: transaction_postgres
2025/09/23 13:12:22 Service handler called for tool: transaction_postgres
2025/09/23 13:12:25 Service handler called for tool: transaction_postgres
2025/09/23 13:12:30 Service handler called for tool: transaction_postgres
2025/09/23 13:12:33 Service handler called for tool: transaction_postgres
2025/09/23 13:12:37 Service handler called for tool: transaction_postgres
2025/09/23 13:12:41 Service handler called for tool: transaction_postgres
2025/09/23 13:12:45 Service handler called for tool: transaction_postgres
2025/09/23 13:12:49 Service handler called for tool: transaction_postgres
2025/09/23 13:12:52 Service handler called for tool: transaction_postgres
2025/09/23 13:12:56 Service handler called for tool: transaction_postgres
2025/09/23 13:13:00 Service handler called for tool: transaction_postgres
2025/09/23 13:13:03 Service handler called for tool: transaction_postgres
2025/09/23 13:13:06 Service handler called for tool: query_postgres
2025/09/23 13:13:15 Service handler called for tool: query_postgres
2025/09/23 13:13:28 Service handler called for tool: transaction_postgres
2025/09/23 13:13:33 Service handler called for tool: transaction_postgres
2025/09/23 13:13:37 Service handler called for tool: transaction_postgres
2025/09/23 13:13:40 Service handler called for tool: query_postgres
2025/09/23 13:13:54 Service handler called for tool: query_postgres
2025/09/23 13:14:00 Service handler called for tool: query_postgres
2025/09/23 13:14:03 Service handler called for tool: query_postgres
2025/09/23 13:14:11 Service handler called for tool: query_postgres
2025/09/23 13:14:16 Service handler called for tool: transaction_postgres
2025/09/23 13:14:19 Service handler called for tool: transaction_postgres
2025/09/23 13:14:23 Service handler called for tool: transaction_postgres
2025/09/23 13:14:27 Service handler called for tool: transaction_postgres
2025/09/23 13:16:52 Service handler called for tool: transaction_postgres
2025/09/23 13:16:56 Service handler called for tool: transaction_postgres
2025/09/23 13:17:01 Service handler called for tool: transaction_postgres
2025/09/23 13:17:04 Service handler called for tool: transaction_postgres
2025/09/23 13:17:08 Service handler called for tool: transaction_postgres
2025/09/23 13:17:11 Service handler called for tool: transaction_postgres
2025/09/23 13:17:16 Service handler called for tool: transaction_postgres
2025/09/23 13:17:20 Service handler called for tool: transaction_postgres
2025/09/23 13:17:24 Service handler called for tool: transaction_postgres
2025/09/23 13:17:28 Service handler called for tool: transaction_postgres
2025/09/23 13:17:33 Service handler called for tool: query_postgres
2025/09/23 13:17:41 Service handler called for tool: schema_postgres
2025/09/23 13:24:02 Service handler called for tool: query_postgres
2025/09/23 13:24:07 Service handler called for tool: query_postgres
2025/09/23 13:24:16 Service handler called for tool: query_postgres
2025/09/23 13:24:21 Service handler called for tool: query_postgres
2025/09/23 13:24:26 Service handler called for tool: query_postgres
2025/09/23 13:24:31 Service handler called for tool: query_postgres
2025/09/23 15:31:28 Service handler called for tool: schema_postgres
2025/09/23 15:31:37 Service handler called for tool: query_postgres
2025/09/23 15:31:44 Service handler called for tool: query_postgres
2025/09/23 15:31:56 Service handler called for tool: query_postgres
2025/09/23 15:32:02 Service handler called for tool: query_postgres
2025/09/23 15:32:07 Service handler called for tool: query_postgres
2025/09/23 15:32:13 Service handler called for tool: query_postgres
2025/09/23 15:32:19 Service handler called for tool: query_postgres
2025/09/23 15:32:28 Service handler called for tool: query_postgres
2025/09/23 15:32:36 Service handler called for tool: query_postgres
2025/09/23 15:32:45 Service handler called for tool: execute_postgres
2025/09/23 15:32:51 Service handler called for tool: execute_postgres
2025/09/23 15:32:56 Service handler called for tool: query_postgres
2025/09/23 16:16:01 Service handler called for tool: execute_postgres
2025/09/24 02:34:18 Service handler called for tool: query_postgres
2025/09/24 02:34:26 Service handler called for tool: query_postgres
2025/09/24 02:34:44 Service handler called for tool: query_postgres
2025/09/24 02:34:51 Service handler called for tool: query_postgres
2025/09/24 02:37:48 Service handler called for tool: query_postgres
2025/09/24 14:07:30 Service handler called for tool: schema_postgres
2025/09/24 14:07:39 Service handler called for tool: query_postgres
2025/09/24 14:07:48 Service handler called for tool: query_postgres
2025/09/24 14:08:01 Service handler called for tool: execute_postgres
2025/09/24 14:08:08 Service handler called for tool: execute_postgres
2025/09/24 14:08:16 Service handler called for tool: execute_postgres
2025/09/24 14:08:29 Service handler called for tool: execute_postgres
2025/09/24 14:08:33 Service handler called for tool: query_postgres
2025/09/24 14:12:05 Service handler called for tool: query_postgres
2025/09/24 14:12:14 Service handler called for tool: query_postgres
2025/09/24 14:54:33 Service handler called for tool: execute_postgres
2025/09/24 14:54:44 Service handler called for tool: execute_postgres
2025/09/24 14:54:50 Service handler called for tool: query_postgres
2025/09/24 18:13:26 Service handler called for tool: schema_postgres
2025/09/24 18:13:51 Service handler called for tool: query_postgres
2025/09/24 18:14:00 Service handler called for tool: query_postgres
2025/09/24 18:14:12 Service handler called for tool: query_postgres
2025/09/24 18:14:17 Service handler called for tool: query_postgres
2025/09/24 18:14:21 Service handler called for tool: query_postgres
2025/09/24 18:14:36 Service handler called for tool: query_postgres
2025/09/25 10:37:36 Service handler called for tool: execute_postgres
2025/09/25 10:37:40 Service handler called for tool: execute_postgres
2025/09/25 10:37:43 Service handler called for tool: execute_postgres
2025/09/25 10:37:49 Service handler called for tool: query_postgres
2025/09/25 10:40:21 Service handler called for tool: execute_postgres
2025/09/25 10:40:24 Service handler called for tool: execute_postgres
2025/09/25 13:25:50 Service handler called for tool: execute_postgres
2025/09/25 13:25:57 Service handler called for tool: query_postgres
2025/09/25 15:05:45 Service handler called for tool: schema_postgres
2025/09/25 15:06:05 Service handler called for tool: query_postgres
2025/09/25 15:06:25 Service handler called for tool: query_postgres
2025/09/25 15:11:22 Service handler called for tool: list_databases
2025/09/25 15:11:27 Service handler called for tool: schema_postgres
2025/09/25 15:11:33 Service handler called for tool: query_postgres
2025/09/25 15:11:41 Service handler called for tool: query_postgres
2025/09/25 15:15:41 Service handler called for tool: query_postgres
2025/09/25 15:16:18 Service handler called for tool: execute_postgres
2025/09/25 15:16:26 Service handler called for tool: execute_postgres
2025/09/25 15:16:37 Service handler called for tool: query_postgres
2025/09/25 15:16:49 Service handler called for tool: query_postgres
2025/09/25 15:23:26 Service handler called for tool: query_postgres
2025/09/25 15:23:39 Service handler called for tool: query_postgres
2025/09/25 15:24:00 Service handler called for tool: query_postgres
2025/09/25 15:24:11 Service handler called for tool: query_postgres
2025/09/25 15:24:19 Service handler called for tool: query_postgres
2025/09/25 15:24:24 Service handler called for tool: schema_postgres
2025/09/25 15:24:35 Service handler called for tool: query_postgres
2025/09/25 15:29:03 Service handler called for tool: schema_postgres
2025/09/25 15:29:19 Service handler called for tool: execute_postgres
2025/09/25 15:29:27 Service handler called for tool: schema_postgres
2025/09/25 15:57:48 Service handler called for tool: query_postgres
2025/09/25 15:58:01 Service handler called for tool: query_postgres
2025/09/25 15:58:16 Service handler called for tool: execute_postgres
2025/09/25 15:58:27 Service handler called for tool: execute_postgres
2025/09/25 15:58:42 Service handler called for tool: query_postgres
2025/09/25 16:00:01 Service handler called for tool: query_postgres
2025/09/25 16:08:54 Service handler called for tool: query_postgres
2025/09/25 16:09:14 Service handler called for tool: query_postgres
2025/09/25 16:09:30 Service handler called for tool: execute_postgres
2025/09/25 16:09:38 Service handler called for tool: execute_postgres
2025/09/25 16:09:56 Service handler called for tool: query_postgres
2025/09/25 16:13:09 Service handler called for tool: execute_postgres
2025/09/25 16:13:26 Service handler called for tool: execute_postgres
2025/09/25 16:13:51 Service handler called for tool: execute_postgres
2025/09/25 16:14:17 Service handler called for tool: query_postgres
2025/09/25 19:17:24 Service handler called for tool: query_postgres
2025/09/25 19:17:33 Service handler called for tool: query_postgres
2025/09/25 19:17:43 Service handler called for tool: query_postgres
2025/09/25 19:18:00 Service handler called for tool: query_postgres
2025/09/25 19:21:14 Service handler called for tool: query_postgres
2025/09/25 19:21:23 Service handler called for tool: query_postgres
2025/09/25 20:56:22 Service handler called for tool: execute_postgres
2025/09/25 20:56:43 Service handler called for tool: execute_postgres
2025/09/25 20:57:33 Service handler called for tool: query_postgres
2025/09/25 21:26:16 Service handler called for tool: execute_postgres
2025/09/25 21:26:25 Service handler called for tool: query_postgres
2025/09/25 21:26:38 Service handler called for tool: execute_postgres
2025/09/25 21:26:58 Service handler called for tool: execute_postgres
2025/09/25 21:27:06 Service handler called for tool: transaction_postgres
2025/09/25 21:31:41 Service handler called for tool: query_postgres
2025/09/25 21:31:52 Service handler called for tool: execute_postgres
2025/09/25 21:32:00 Service handler called for tool: execute_postgres
2025/09/25 21:32:07 Service handler called for tool: execute_postgres
2025/09/25 21:32:15 Service handler called for tool: execute_postgres
2025/09/25 21:32:26 Service handler called for tool: execute_postgres
2025/09/25 21:32:38 Service handler called for tool: query_postgres
2025/09/25 21:32:51 Service handler called for tool: execute_postgres
2025/09/25 21:33:10 Service handler called for tool: execute_postgres
2025/09/25 21:33:19 Service handler called for tool: execute_postgres
2025/09/25 21:33:35 Service handler called for tool: query_postgres
2025/09/25 21:33:46 Service handler called for tool: query_postgres
2025/09/25 21:34:05 Service handler called for tool: execute_postgres
2025/09/25 21:34:15 Service handler called for tool: execute_postgres
2025/09/25 21:41:51 Service handler called for tool: query_postgres
2025/09/25 21:42:06 Service handler called for tool: query_postgres
2025/09/25 21:42:20 Service handler called for tool: query_postgres
2025/09/25 21:42:42 Service handler called for tool: query_postgres
2025/09/25 21:42:52 Service handler called for tool: query_postgres
2025/09/25 21:43:24 Service handler called for tool: query_postgres
2025/09/25 21:43:35 Service handler called for tool: query_postgres
2025/09/25 21:45:11 Service handler called for tool: query_postgres
2025/09/25 21:45:20 Service handler called for tool: query_postgres
2025/09/25 21:45:27 Service handler called for tool: query_postgres
2025/09/25 21:45:35 Service handler called for tool: query_postgres
2025/09/25 21:45:44 Service handler called for tool: query_postgres
2025/09/25 21:45:50 Service handler called for tool: query_postgres
2025/09/25 21:45:55 Service handler called for tool: query_postgres
2025/09/25 21:46:02 Service handler called for tool: query_postgres
2025/09/25 21:46:14 Service handler called for tool: query_postgres
2025/09/25 21:46:22 Service handler called for tool: query_postgres
2025/09/25 21:46:28 Service handler called for tool: query_postgres
2025/09/25 21:48:30 Service handler called for tool: execute_postgres
2025/09/25 21:48:37 Service handler called for tool: execute_postgres
2025/09/25 21:48:46 Service handler called for tool: execute_postgres
2025/09/25 21:48:54 Service handler called for tool: execute_postgres
2025/09/25 21:49:01 Service handler called for tool: execute_postgres
2025/09/25 21:49:12 Service handler called for tool: query_postgres
2025/09/25 21:55:33 Service handler called for tool: query_postgres
2025/09/25 21:55:40 Service handler called for tool: execute_postgres
2025/09/25 21:55:51 Service handler called for tool: execute_postgres
2025/09/25 21:55:58 Service handler called for tool: execute_postgres
2025/09/25 21:56:09 Service handler called for tool: execute_postgres
2025/09/25 21:56:17 Service handler called for tool: execute_postgres
2025/09/25 21:56:24 Service handler called for tool: execute_postgres
2025/09/25 21:56:31 Service handler called for tool: execute_postgres
2025/09/25 22:02:12 Service handler called for tool: query_postgres
2025/09/25 22:03:48 Service handler called for tool: query_postgres
2025/09/25 22:03:57 Service handler called for tool: execute_postgres
2025/09/25 22:04:07 Service handler called for tool: query_postgres
2025/09/25 22:04:22 Service handler called for tool: execute_postgres
2025/09/25 22:04:30 Service handler called for tool: query_postgres
2025/09/25 22:04:50 Service handler called for tool: query_postgres
2025/09/25 22:05:08 Service handler called for tool: execute_postgres
2025/09/25 22:05:19 Service handler called for tool: execute_postgres
2025/09/25 22:05:27 Service handler called for tool: query_postgres
2025/09/25 22:05:39 Service handler called for tool: query_postgres
2025/09/25 22:05:50 Service handler called for tool: execute_postgres
2025/09/25 22:06:00 Service handler called for tool: execute_postgres
2025/09/25 22:06:09 Service handler called for tool: query_postgres
2025/09/25 22:11:38 Service handler called for tool: query_postgres
2025/09/25 22:11:47 Service handler called for tool: execute_postgres
2025/09/25 22:11:56 Service handler called for tool: execute_postgres
2025/09/25 22:12:04 Service handler called for tool: execute_postgres
2025/09/25 22:33:07 Service handler called for tool: query_postgres
2025/09/25 22:44:17 Service handler called for tool: query_postgres
2025/09/26 02:14:55 Service handler called for tool: query_postgres
2025/09/26 02:15:04 Service handler called for tool: query_postgres
2025/09/26 02:15:27 Service handler called for tool: execute_postgres
2025/09/26 02:15:37 Service handler called for tool: query_postgres
2025/09/26 03:58:49 Service handler called for tool: transaction_postgres
2025/09/26 03:58:56 Service handler called for tool: transaction_postgres
2025/09/26 03:59:02 Service handler called for tool: transaction_postgres
2025/09/26 03:59:18 Service handler called for tool: transaction_postgres
2025/09/26 03:59:24 Service handler called for tool: transaction_postgres
2025/09/26 03:59:29 Service handler called for tool: transaction_postgres
2025/09/26 04:00:18 Service handler called for tool: query_postgres
2025/09/26 04:00:27 Service handler called for tool: query_postgres
2025/09/26 04:00:37 Service handler called for tool: query_postgres
2025/09/26 04:00:45 Service handler called for tool: query_postgres
2025/09/26 04:00:52 Service handler called for tool: transaction_postgres
2025/09/26 04:00:58 Service handler called for tool: transaction_postgres
2025/09/26 04:01:04 Service handler called for tool: transaction_postgres
2025/09/26 04:01:09 Service handler called for tool: transaction_postgres
2025/09/26 04:01:15 Service handler called for tool: transaction_postgres
2025/09/26 04:01:21 Service handler called for tool: transaction_postgres
2025/09/26 04:01:27 Service handler called for tool: transaction_postgres
2025/09/26 04:01:35 Service handler called for tool: transaction_postgres
2025/09/26 04:01:43 Service handler called for tool: transaction_postgres
2025/09/26 04:01:48 Service handler called for tool: transaction_postgres
2025/09/26 04:01:55 Service handler called for tool: query_postgres
2025/09/26 04:02:08 Service handler called for tool: query_postgres
2025/09/26 04:02:15 Service handler called for tool: transaction_postgres
2025/09/26 04:02:20 Service handler called for tool: transaction_postgres
2025/09/26 04:02:26 Service handler called for tool: transaction_postgres
2025/09/26 04:02:31 Service handler called for tool: transaction_postgres
2025/09/26 04:02:36 Service handler called for tool: query_postgres
2025/09/26 04:02:48 Service handler called for tool: query_postgres
2025/09/26 04:02:58 Service handler called for tool: query_postgres
2025/09/26 04:03:04 Service handler called for tool: query_postgres
2025/09/26 04:03:18 Service handler called for tool: transaction_postgres
2025/09/26 04:03:24 Service handler called for tool: transaction_postgres
2025/09/26 04:03:32 Service handler called for tool: transaction_postgres
2025/09/26 04:03:39 Service handler called for tool: query_postgres
2025/09/26 04:04:07 Service handler called for tool: query_postgres
2025/09/26 11:00:21 Service handler called for tool: query_postgres
2025/09/26 11:00:35 Service handler called for tool: transaction_postgres
2025/09/26 11:00:53 Service handler called for tool: transaction_postgres
2025/09/26 11:00:59 Service handler called for tool: transaction_postgres
2025/09/26 11:01:07 Service handler called for tool: query_postgres
2025/09/26 11:01:17 Service handler called for tool: query_postgres
2025/09/26 11:01:42 Service handler called for tool: transaction_postgres
2025/09/26 11:01:51 Service handler called for tool: transaction_postgres
2025/09/26 11:02:00 Service handler called for tool: transaction_postgres
2025/09/26 11:02:08 Service handler called for tool: query_postgres
2025/09/26 11:02:20 Service handler called for tool: query_postgres
2025/09/26 11:02:27 Service handler called for tool: query_postgres
2025/09/26 11:02:38 Service handler called for tool: query_postgres
2025/09/26 11:02:48 Service handler called for tool: query_postgres
2025/09/26 11:02:55 Service handler called for tool: query_postgres
2025/09/26 11:03:06 Service handler called for tool: query_postgres
2025/09/26 11:03:17 Service handler called for tool: query_postgres
2025/09/26 11:03:28 Service handler called for tool: query_postgres
2025/09/26 11:03:37 Service handler called for tool: query_postgres
2025/09/26 11:03:48 Service handler called for tool: query_postgres
2025/09/26 11:03:59 Service handler called for tool: transaction_postgres
2025/09/26 11:04:08 Service handler called for tool: transaction_postgres
2025/09/26 11:04:14 Service handler called for tool: transaction_postgres
2025/09/26 11:04:52 Service handler called for tool: transaction_postgres
2025/09/26 11:05:01 Service handler called for tool: transaction_postgres
2025/09/26 11:05:09 Service handler called for tool: transaction_postgres
2025/09/26 11:05:16 Service handler called for tool: query_postgres
2025/09/26 11:12:35 Service handler called for tool: transaction_postgres
2025/09/26 11:12:43 Service handler called for tool: transaction_postgres
2025/09/26 11:12:51 Service handler called for tool: transaction_postgres
2025/09/26 11:12:58 Service handler called for tool: query_postgres
2025/09/26 16:33:49 Service handler called for tool: query_postgres
2025/09/26 16:33:57 Service handler called for tool: query_postgres
2025/09/26 16:34:07 Service handler called for tool: query_postgres
2025/09/26 17:13:51 Service handler called for tool: query_postgres
2025/09/26 17:13:57 Service handler called for tool: query_postgres
2025/09/28 10:03:08 Service handler called for tool: query_postgres
2025/09/28 10:03:12 Service handler called for tool: query_postgres
2025/09/28 10:03:17 Service handler called for tool: query_postgres
2025/09/28 10:26:23 Service handler called for tool: query_postgres
2025/09/28 10:26:31 Service handler called for tool: query_postgres
2025/09/28 10:52:36 Service handler called for tool: query_postgres
2025/09/28 10:52:43 Service handler called for tool: query_postgres
2025/09/28 10:53:05 Service handler called for tool: execute_postgres
2025/09/28 10:53:10 Service handler called for tool: execute_postgres
2025/09/28 10:53:17 Service handler called for tool: execute_postgres
2025/09/28 10:53:25 Service handler called for tool: execute_postgres
2025/09/28 14:14:56 Service handler called for tool: schema_postgres
2025/09/28 14:15:03 Service handler called for tool: query_postgres
2025/09/30 11:39:38 Service handler called for tool: query_postgres
2025/09/30 11:39:45 Service handler called for tool: query_postgres
2025/09/30 11:39:51 Service handler called for tool: query_postgres
2025/10/16 13:08:02 Service handler called for tool: query_postgres
2025/10/16 13:08:12 Service handler called for tool: query_postgres
2025/10/16 13:08:22 Service handler called for tool: query_postgres
2025/10/16 13:08:34 Service handler called for tool: query_postgres
2025/10/16 13:08:45 Service handler called for tool: query_postgres
2025/10/16 13:08:55 Service handler called for tool: query_postgres
2025/10/16 13:09:04 Service handler called for tool: query_postgres
2025/10/16 13:14:30 Service handler called for tool: query_postgres
2025/10/16 13:14:41 Service handler called for tool: query_postgres
2025/10/16 13:14:52 Service handler called for tool: query_postgres
2025/10/16 13:15:02 Service handler called for tool: query_postgres
2025/10/16 13:16:52 Service handler called for tool: query_postgres
2025/10/16 13:17:12 Service handler called for tool: query_postgres
2025/10/16 13:17:25 Service handler called for tool: query_postgres
2025/10/16 13:18:57 Service handler called for tool: query_postgres
2025/10/16 13:23:36 Service handler called for tool: query_postgres
2025/10/16 13:28:04 Service handler called for tool: query_postgres
2025/10/16 14:46:41 Service handler called for tool: query_postgres
2025/10/16 14:46:54 Service handler called for tool: schema_postgres
2025/10/16 14:47:03 Service handler called for tool: query_postgres
2025/10/16 14:47:13 Service handler called for tool: query_postgres
2025/10/16 14:47:21 Service handler called for tool: query_postgres
2025/10/16 14:51:50 Service handler called for tool: execute_postgres
2025/10/16 14:51:55 Service handler called for tool: execute_postgres
2025/10/16 14:52:08 Service handler called for tool: query_postgres
2025/10/16 14:53:07 Service handler called for tool: query_postgres
2025/10/16 14:53:23 Service handler called for tool: query_postgres
2025/10/16 14:53:38 Service handler called for tool: query_postgres
2025/10/16 14:53:47 Service handler called for tool: query_postgres
2025/10/16 14:54:31 Service handler called for tool: execute_postgres
2025/10/16 14:54:41 Service handler called for tool: query_postgres
2025/10/17 11:48:41 Service handler called for tool: query_postgres
2025/10/17 11:49:02 Service handler called for tool: execute_postgres
2025/10/17 11:49:14 Service handler called for tool: execute_postgres
2025/10/17 11:49:25 Service handler called for tool: query_postgres
2025/10/17 11:49:33 Service handler called for tool: query_postgres
2025/10/17 12:00:04 Service handler called for tool: query_postgres
2025/10/17 12:00:19 Service handler called for tool: query_postgres
2025/10/17 12:00:28 Service handler called for tool: query_postgres
2025/10/17 12:00:39 Service handler called for tool: query_postgres
2025/10/17 12:00:49 Service handler called for tool: query_postgres
2025/10/19 00:09:39 Service handler called for tool: execute_postgres
2025/10/19 00:11:19 Service handler called for tool: execute_postgres
2025/10/19 00:11:41 Service handler called for tool: execute_postgres
2025/10/19 00:12:11 Service handler called for tool: execute_postgres
2025/10/19 00:12:38 Service handler called for tool: execute_postgres
2025/10/19 00:13:35 Service handler called for tool: execute_postgres
2025/10/19 00:14:00 Service handler called for tool: execute_postgres
2025/10/19 00:16:01 Service handler called for tool: execute_postgres
2025/10/19 00:16:33 Service handler called for tool: execute_postgres
2025/10/19 00:17:47 Service handler called for tool: execute_postgres
2025/10/19 00:18:14 Service handler called for tool: execute_postgres
2025/10/19 00:20:10 Service handler called for tool: execute_postgres
2025/10/19 00:20:38 Service handler called for tool: execute_postgres
2025/10/19 00:21:48 Service handler called for tool: execute_postgres
2025/10/19 00:22:22 Service handler called for tool: query_postgres
2025/10/22 12:03:17 Service handler called for tool: query_postgres
2025/10/22 12:03:26 Service handler called for tool: query_postgres
2025/10/22 15:33:50 Service handler called for tool: query_postgres
2025/10/22 15:34:03 Service handler called for tool: execute_postgres
2025/10/22 15:34:15 Service handler called for tool: query_postgres
2025/10/22 15:43:26 Service handler called for tool: query_postgres
2025/10/22 15:44:42 Service handler called for tool: execute_postgres
2025/10/22 15:44:58 Service handler called for tool: query_postgres
2025/10/22 15:58:30 Service handler called for tool: query_postgres
2025/10/22 16:04:28 Service handler called for tool: query_postgres
2025/10/22 16:25:53 Service handler called for tool: execute_postgres
2025/10/22 16:26:06 Service handler called for tool: execute_postgres
2025/10/22 16:26:38 Service handler called for tool: execute_postgres
2025/10/22 16:58:05 Service handler called for tool: query_postgres
2025/10/22 17:07:00 Service handler called for tool: execute_postgres
2025/10/22 17:07:27 Service handler called for tool: query_postgres
2025/10/22 17:24:43 Service handler called for tool: query_postgres
2025/10/22 17:25:08 Service handler called for tool: execute_postgres
2025/10/22 17:25:41 Service handler called for tool: query_postgres
2025/10/23 09:38:36 Service handler called for tool: query_postgres
2025/10/23 09:38:47 Service handler called for tool: query_postgres
2025/10/23 09:39:00 Service handler called for tool: query_postgres
2025/10/23 09:39:10 Service handler called for tool: query_postgres
2025/10/23 09:39:30 Service handler called for tool: query_postgres
2025/10/23 09:43:45 Service handler called for tool: query_postgres
2025/10/23 12:24:09 Service handler called for tool: query_postgres
2025/10/24 10:32:24 Service handler called for tool: query_postgres
2025/10/24 10:32:33 Service handler called for tool: query_postgres
2025/10/24 11:34:27 Service handler called for tool: query_postgres
2025/10/24 11:34:34 Service handler called for tool: query_postgres
2025/10/24 11:34:51 Service handler called for tool: query_postgres
2025/10/24 11:34:58 Service handler called for tool: query_postgres
2025/10/24 11:35:08 Service handler called for tool: query_postgres
2025/10/24 12:07:10 Service handler called for tool: query_postgres
2025/10/24 12:07:57 Service handler called for tool: query_postgres
2025/10/24 12:08:00 Service handler called for tool: query_postgres
2025/10/24 12:08:49 Service handler called for tool: query_postgres
2025/10/24 12:09:46 Service handler called for tool: query_postgres
2025/10/24 17:50:06 Service handler called for tool: query_postgres
2025/10/24 18:15:58 Service handler called for tool: query_postgres
2025/10/24 18:16:21 Service handler called for tool: schema_postgres
2025/10/24 18:16:33 Service handler called for tool: query_postgres
2025/10/24 18:16:43 Service handler called for tool: query_postgres
2025/10/24 18:16:55 Service handler called for tool: query_postgres
2025/10/24 18:17:06 Service handler called for tool: query_postgres
2025/10/24 18:17:17 Service handler called for tool: query_postgres
2025/10/24 18:17:28 Service handler called for tool: query_postgres
2025/10/24 18:17:45 Service handler called for tool: query_postgres
2025/10/27 09:46:20 Service handler called for tool: query_postgres
2025/10/27 09:48:22 Service handler called for tool: query_postgres
2025/10/27 09:53:28 Service handler called for tool: query_postgres
2025/10/27 11:21:08 Service handler called for tool: query_postgres
2025/10/27 11:21:23 Service handler called for tool: query_postgres
2025/10/27 11:24:45 Service handler called for tool: query_postgres
2025/10/27 11:30:41 Service handler called for tool: query_postgres
2025/10/27 11:30:49 Service handler called for tool: query_postgres
2025/10/27 11:30:57 Service handler called for tool: query_postgres
2025/10/27 11:31:05 Service handler called for tool: query_postgres
2025/10/27 11:31:14 Service handler called for tool: query_postgres
2025/10/27 11:31:45 Service handler called for tool: query_postgres
2025/10/27 11:31:57 Service handler called for tool: query_postgres
2025/10/27 11:35:01 Service handler called for tool: execute_postgres
2025/10/27 11:35:09 Service handler called for tool: query_postgres
2025/10/27 14:12:05 Service handler called for tool: query_postgres
2025/10/27 14:12:16 Service handler called for tool: query_postgres
2025/10/27 14:12:29 Service handler called for tool: query_postgres
2025/10/27 14:12:40 Service handler called for tool: query_postgres
2025/10/27 14:12:55 Service handler called for tool: query_postgres
2025/10/27 14:13:07 Service handler called for tool: query_postgres
2025/10/27 14:13:17 Service handler called for tool: query_postgres
2025/10/27 14:13:25 Service handler called for tool: query_postgres
2025/10/27 14:13:37 Service handler called for tool: query_postgres
2025/10/27 14:13:54 Service handler called for tool: query_postgres
2025/10/27 15:51:16 Service handler called for tool: query_postgres
2025/10/27 16:03:27 Service handler called for tool: query_postgres
2025/10/27 16:03:35 Service handler called for tool: query_postgres
2025/10/27 16:03:43 Service handler called for tool: execute_postgres
2025/10/27 16:08:22 Service handler called for tool: execute_postgres
2025/10/27 16:28:18 Service handler called for tool: query_postgres
2025/10/27 16:29:38 Service handler called for tool: query_postgres
2025/10/27 17:30:21 Service handler called for tool: query_postgres
2025/10/27 17:30:34 Service handler called for tool: query_postgres
2025/10/27 17:30:43 Service handler called for tool: query_postgres
2025/10/27 17:30:54 Service handler called for tool: query_postgres
2025/10/27 17:31:07 Service handler called for tool: query_postgres
2025/10/27 17:31:18 Service handler called for tool: query_postgres
2025/10/27 17:32:06 Service handler called for tool: query_postgres
2025/10/27 17:32:16 Service handler called for tool: query_postgres
2025/10/27 17:32:25 Service handler called for tool: query_postgres
2025/10/27 17:32:36 Service handler called for tool: query_postgres
2025/10/27 17:36:02 Service handler called for tool: query_postgres
2025/10/27 17:36:12 Service handler called for tool: query_postgres
2025/10/27 17:36:12 Service handler called for tool: query_postgres
2025/10/27 17:36:22 Service handler called for tool: query_postgres
2025/10/27 17:36:22 Service handler called for tool: query_postgres
2025/10/27 17:36:40 Service handler called for tool: execute_postgres
2025/10/27 17:37:07 Service handler called for tool: query_postgres
2025/10/27 17:46:20 Service handler called for tool: query_postgres
2025/10/27 17:46:20 Service handler called for tool: query_postgres
2025/10/27 17:48:04 Service handler called for tool: query_postgres
2025/10/27 17:48:04 Service handler called for tool: query_postgres
2025/10/27 17:48:14 Service handler called for tool: query_postgres
2025/10/27 17:48:14 Service handler called for tool: query_postgres
2025/10/27 17:48:28 Service handler called for tool: query_postgres
2025/10/27 17:49:18 Service handler called for tool: execute_postgres
2025/10/27 17:49:39 Service handler called for tool: query_postgres
2025/10/27 17:49:53 Service handler called for tool: execute_postgres
2025/10/27 17:50:10 Service handler called for tool: query_postgres
2025/10/27 17:50:42 Service handler called for tool: query_postgres
2025/10/27 17:50:56 Service handler called for tool: query_postgres
2025/10/27 17:51:12 Service handler called for tool: query_postgres
2025/10/27 17:53:39 Service handler called for tool: query_postgres
2025/10/27 17:53:39 Service handler called for tool: query_postgres
2025/10/27 17:54:03 Service handler called for tool: execute_postgres
2025/10/27 17:58:30 Service handler called for tool: query_postgres
2025/10/27 18:07:14 Service handler called for tool: query_postgres
2025/10/27 18:07:25 Service handler called for tool: query_postgres
2025/10/27 18:14:34 Service handler called for tool: query_postgres
2025/10/28 02:04:08 Service handler called for tool: query_postgres
2025/10/28 02:04:20 Service handler called for tool: query_postgres
2025/10/28 02:04:39 Service handler called for tool: query_postgres
2025/10/28 02:08:54 Service handler called for tool: query_postgres
2025/10/28 02:09:05 Service handler called for tool: query_postgres
2025/10/28 02:09:18 Service handler called for tool: query_postgres
2025/10/28 02:10:56 Service handler called for tool: schema_postgres
2025/10/28 02:12:29 Service handler called for tool: query_postgres
2025/10/28 02:29:18 Service handler called for tool: query_postgres
2025/10/28 02:29:33 Service handler called for tool: query_postgres
2025/10/28 02:29:59 Service handler called for tool: query_postgres
2025/10/28 02:30:12 Service handler called for tool: query_postgres
2025/10/28 02:34:48 Service handler called for tool: query_postgres
2025/10/28 02:35:00 Service handler called for tool: query_postgres
2025/10/28 02:36:23 Service handler called for tool: query_postgres
2025/10/28 02:36:36 Service handler called for tool: schema_postgres
2025/10/28 02:36:49 Service handler called for tool: query_postgres
2025/10/28 02:37:01 Service handler called for tool: query_postgres
2025/10/28 02:37:01 Service handler called for tool: query_postgres
2025/10/28 02:39:22 Service handler called for tool: query_postgres
2025/10/28 02:39:36 Service handler called for tool: query_postgres
2025/10/28 02:39:36 Service handler called for tool: query_postgres
2025/10/28 02:39:49 Service handler called for tool: query_postgres
2025/10/28 13:51:46 Service handler called for tool: query_postgres
2025/10/28 13:51:56 Service handler called for tool: query_postgres
2025/10/28 13:52:03 Service handler called for tool: query_postgres
2025/10/28 13:52:13 Service handler called for tool: query_postgres
2025/10/28 21:44:06 Service handler called for tool: query_postgres
2025/10/28 21:44:29 Service handler called for tool: query_postgres
2025/10/28 21:44:50 Service handler called for tool: query_postgres
2025/10/28 21:45:09 Service handler called for tool: query_postgres
2025/10/28 21:52:55 Service handler called for tool: query_postgres
